========================================================================
PARALLEL STEP RUN — 2 agents, 2 StepCode CLIs, one process each
========================================================================
  [god] metaphysical God and religions: is there a true God, and could any proof establish it?
         root    : D:\AgentSwarm\arena\parallel\god-r3
         model   : step/step-5-preview
  [conspiracy] empirical    Do the evidence: flat Earth, fake Moon landing, Area 51/Roswell, alien abduction
         root    : D:\AgentSwarm\arena\parallel\conspiracy-r3
         model   : step/step-5-preview
  turns/agent : 8
  wall clock  : 10080 min (no practical limit)
  turn timeout: 60 min
  kill switch : create D:\AgentSwarm\arena\STOP


[turn 1] Kepler (A001, step) domain=god-religions-truth

[turn 1] Kepler (A001, step) domain=conspiracy-theories-evidence
  ok=true cost=$0.00000 tools=27 think=0 files(+0/~0/-0) violations=0

[turn 2] Kepler (A001, step) domain=god-religions-truth
  ok=true cost=$0.00000 tools=105 think=0 files(+1/~0/-0) violations=0
  control: spawn BLOCKED (cap 1); memory logged [artifact]; memory logged [finding]; memory logged [finding]; memory logged [finding]; memory logged [finding]; memory logged [finding]; memory logged [question]; memory logged [decision]; memory logged [finding]; connect FAILED ("Verifier" unknown)

[turn 2] Kepler (A001, step) domain=conspiracy-theories-evidence
  ok=true cost=$0.00000 tools=162 think=0 files(+10/~0/-0) violations=4
  control: memory logged [finding]; memory logged [observation]; memory logged [observation]; memory logged [artifact]; memory logged [finding]
[god       ]   !! [critical] metaphysical_verdict_in_artifact: Artifact "god-religions-insulation-formal.md" asserts a verdict on an undecidable question: "god exists"
[god       ]   !! [critical] metaphysical_verdict_in_artifact: Artifact "god-religions-separation-formal.md" asserts a verdict on an undecidable question: "god exists"
[god       ]   !! [critical] metaphysical_verdict_in_artifact: Artifact "god-religions-taxonomy.md" asserts a verdict on an undecidable question: "god exists"
[god       ]   !! [critical] metaphysical_verdict_in_artifact: Artifact "god-religions-truth_bridge_premise_formal.md" asserts a verdict on an undecidable question: "god exists"

[turn 3] Kepler (A001, step) domain=god-religions-truth
  ok=true cost=$0.00000 tools=141 think=0 files(+2/~1/-0) violations=1
  control: memory logged [artifact] (shorthand); memory logged [finding] (shorthand); memory logged [observation] (shorthand); memory logged [observation] (shorthand); memory logged [decision] (shorthand)
[god       ]   !! [critical] metaphysical_verdict_in_artifact: Artifact "god-religions-hiddenness-formal.md" asserts a verdict on an undecidable question: "god exists"

[turn 4] Kepler (A001, step) domain=god-religions-truth
  ok=true cost=$0.00000 tools=201 think=0 files(+0/~1/-0) violations=0
  control: spawn BLOCKED (cap 1); memory logged [decision]; memory logged [finding]; memory logged [finding]

[turn 3] Kepler (A001, step) domain=conspiracy-theories-evidence
  ok=true cost=$0.00000 tools=141 think=0 files(+0/~1/-0) violations=0
  control: memory logged [finding]; memory logged [finding]; memory logged [decision]; memory logged [artifact] (shorthand)

[turn 4] Kepler (A001, step) domain=conspiracy-theories-evidence
  ok=true cost=$0.00000 tools=132 think=0 files(+2/~1/-0) violations=1
  control: unknown directive "decision | a001 r5"; unknown directive "artifact | a001"; unknown directive "finding | a001"; unknown directive "observation | a001 audit (r5)"
[god       ]   !! [critical] metaphysical_verdict_in_artifact: Artifact "god-religions-hiddenness-identifiability.md" asserts a verdict on an undecidable question: "God exists"

[turn 5] Kepler (A001, step) domain=god-religions-truth
  ok=true cost=$0.00000 tools=120 think=0 files(+0/~1/-0) violations=0
  control: memory logged [finding]

[turn 5] Kepler (A001, step) domain=conspiracy-theories-evidence
  ok=true cost=$0.00000 tools=60 think=0 files(+1/~0/-0) violations=1
[god       ]   !! [critical] metaphysical_verdict_in_artifact: Artifact "god-religions-diversity-formal.md" asserts a verdict on an undecidable question: "God exists, on which tradition is true, or on wh

[turn 6] Kepler (A001, step) domain=god-religions-truth
  ok=true cost=$0.00000 tools=258 think=0 files(+1/~1/-0) violations=0
  control: spawn BLOCKED (cap 1); spawn BLOCKED (cap 1); memory logged [finding]; memory logged [decision]; memory logged [finding]; memory logged [artifact]; memory logged [finding]; memory logged [question]

[turn 6] Kepler (A001, step) domain=conspiracy-theories-evidence
  ok=true cost=$0.00000 tools=219 think=0 files(+1/~2/-0) violations=2
  control: spawn BLOCKED (cap 1); memory logged [artifact]; memory logged [observation]; memory logged [decision]; memory logged [observation]
[god       ]   !! [critical] metaphysical_verdict_asserted: Domain is METAPHYSICAL (not empirically decidable), but the agent asserted a verdict: "I established this turn (r6)

The draft artifact `god
[god       ]   !! [critical] metaphysical_verdict_in_artifact: Artifact "god-religions-diversity-formal.md" asserts a verdict on an undecidable question: "God exists, on which tradition is true, or on wh

[turn 7] Kepler (A001, step) domain=god-religions-truth
  ok=true cost=$0.00000 tools=204 think=0 files(+3/~2/-0) violations=0
  control: memory logged [finding]; memory logged [finding]; memory logged [decision]

[turn 7] Kepler (A001, step) domain=conspiracy-theories-evidence
  ok=true cost=$0.00000 tools=138 think=0 files(+2/~1/-0) violations=1
  control: memory logged [artifact] (shorthand); memory logged [finding] (shorthand); memory logged [observation] (shorthand); memory logged [decision] (shorthand)
[god       ]   !! [critical] metaphysical_verdict_in_artifact: Artifact "god-religions-evil-formal.md" asserts a verdict on an undecidable question: "God exists"

[turn 8] Kepler (A001, step) domain=god-religions-truth
  ok=true cost=$0.00000 tools=261 think=0 files(+1/~2/-0) violations=0
  control: memory logged [finding]

[turn 8] Kepler (A001, step) domain=conspiracy-theories-evidence
  ok=true cost=$0.00000 tools=264 think=0 files(+1/~2/-0) violations=0
  control: memory logged [finding]; memory logged [finding]; memory logged [finding]; memory logged [question] (shorthand); memory logged [artifact]

[scribe] writing conclusion post for r3-conspiracy-step-2026-10-06T01-04-02…
  ok=true cost=$0.00000 tools=186 think=0 files(+2/~1/-0) violations=0
  control: spawn BLOCKED (cap 1); memory logged [artifact]; memory logged [observation]; memory logged [finding]; memory logged [question]

[scribe] writing conclusion post for r3-god-step-2026-10-06T01-04-01…
[scribe] polish REJECTED — invented 7 number(s) not in the ledger: 44235, 23, 8.4, 1.7272, 14.5042, 2.9, 24
[scribe] post written: D:\AgentSwarm\arena\parallel\god-r3\posts\r3-god-step-2026-10-06t01-04-01.md (draft)
[scribe] post: r3-god-step-2026-10-06t01-04-01.md (deterministic draft)
[god       ] DONE turns=8 cost=$0.0000 halted=max turns reached (8)
[scribe] polish REJECTED — invented 20 number(s) not in the ledger: 549, 810, 886, 12.8, 12, 815, 829, 855, 745, 25679, 2.26, 22707, 1622, 0.112, 20, 101, 55, 170.1, 170, 10.1029
[scribe] post written: D:\AgentSwarm\arena\parallel\conspiracy-r3\posts\r3-conspiracy-step-2026-10-06t01-04-02.md (draft)
[scribe] post: r3-conspiracy-step-2026-10-06t01-04-02.md (deterministic draft)
[conspiracy] DONE turns=8 cost=$0.0000 halted=max turns reached (8)

========================================================================
PARALLEL STEP RUN COMPLETE
========================================================================
[god] runId=r3-god-step-2026-10-06T01-04-01
         turns=8 halted=max turns reached (8)
         world=D:\AgentSwarm\arena\parallel\god-r3\world
         post=r3-god-step-2026-10-06t01-04-01.md
[conspiracy] runId=r3-conspiracy-step-2026-10-06T01-04-02
         turns=8 halted=max turns reached (8)
         world=D:\AgentSwarm\arena\parallel\conspiracy-r3\world
         post=r3-conspiracy-step-2026-10-06t01-04-02.md
