========================================================================
PARALLEL STEP RUN — 2 agents, 2 StepCode CLIs, one process each
========================================================================
  [god] metaphysical God and religions: is there a true God, and could any proof establish it?
         root    : D:\AgentSwarm\arena\parallel\god-r2
         model   : step/step-5-preview
  [conspiracy] empirical    Do the evidence: flat Earth, fake Moon landing, Area 51/Roswell, alien abduction
         root    : D:\AgentSwarm\arena\parallel\conspiracy-r2
         model   : step/step-5-preview
  turns/agent : 8
  wall clock  : 10080 min (no practical limit)
  turn timeout: 60 min
  kill switch : create D:\AgentSwarm\arena\STOP


[turn 1] Kepler (A001, step) domain=god-religions-truth

[turn 1] Kepler (A001, step) domain=conspiracy-theories-evidence
  ok=true cost=$0.00000 tools=48 think=0 files(+1/~0/-0) violations=1
  control: memory logged [artifact]; memory logged [finding]; memory logged [question]
[god       ]   !! [critical] metaphysical_verdict_in_artifact: Artifact "god-religions-taxonomy.md" asserts a verdict on an undecidable question: "god exists"

[turn 2] Kepler (A001, step) domain=god-religions-truth
  ok=true cost=$0.00000 tools=57 think=0 files(+1/~0/-0) violations=0
  control: memory logged [artifact]; memory logged [finding]; memory logged [finding]; memory logged [decision]; spawn BLOCKED (cap 1)

[turn 2] Kepler (A001, step) domain=conspiracy-theories-evidence
  ok=true cost=$0.00000 tools=87 think=0 files(+1/~1/-0) violations=0
  control: memory logged [finding]; memory logged [finding]; memory logged [decision]; memory logged [artifact] (shorthand)

[turn 3] Kepler (A001, step) domain=conspiracy-theories-evidence
  ok=false cost=$0.00000 tools=0 think=0 files(+0/~1/-0) violations=1
[god       ]   !! [critical] metaphysical_verdict_in_artifact: Artifact "god-religions-taxonomy.md" asserts a verdict on an undecidable question: "god exists"

[turn 3] Kepler (A001, step) domain=god-religions-truth
  ok=true cost=$0.00000 tools=75 think=0 files(+1/~1/-0) violations=0
  control: unknown directive "finding | a001 turn-3"; unknown directive "artifact | a001 | conspiracy-theories-evidence.md (pass 3) + verify_tests2.js"; unknown directive "decision | a001 turn-3"

[turn 4] Kepler (A001, step) domain=conspiracy-theories-evidence
  ok=true cost=$0.00000 tools=117 think=0 files(+1/~1/-0) violations=0
  control: spawn BLOCKED (cap 1); memory logged [finding]; memory logged [decision]; memory logged [question]

[turn 5] Kepler (A001, step) domain=conspiracy-theories-evidence
  ok=true cost=$0.00000 tools=33 think=0 files(+1/~1/-0) violations=0
  control: memory logged [artifact]; memory logged [finding]; memory logged [decision]

[turn 6] Kepler (A001, step) domain=conspiracy-theories-evidence
  ok=true cost=$0.00000 tools=78 think=0 files(+1/~1/-0) violations=0
  control: memory logged [artifact]; memory logged [finding]; memory logged [decision]

[turn 7] Kepler (A001, step) domain=conspiracy-theories-evidence
  ok=false cost=$0.00000 tools=0 think=0 files(+0/~1/-0) violations=1
[god       ]   !! [critical] metaphysical_verdict_in_artifact: Artifact "god-religions-taxonomy.md" asserts a verdict on an undecidable question: "god exists"

[turn 4] Kepler (A001, step) domain=god-religions-truth
  ok=true cost=$0.00000 tools=30 think=0 files(+0/~1/-0) violations=1
  control: memory logged [finding]; unknown directive "question | a001"
[god       ]   !! [critical] metaphysical_verdict_in_artifact: Artifact "god-religions-taxonomy.md" asserts a verdict on an undecidable question: "god exists"

[turn 5] Kepler (A001, step) domain=god-religions-truth
  ok=true cost=$0.00000 tools=129 think=0 files(+1/~1/-0) violations=0
  control: memory logged [artifact]; memory logged [finding]; spawn BLOCKED (cap 1)

[turn 8] Kepler (A001, step) domain=conspiracy-theories-evidence
  ok=false cost=$0.00000 tools=0 think=0 files(+0/~1/-0) violations=1
[god       ]   !! [critical] metaphysical_verdict_in_artifact: Artifact "god-religions-taxonomy.md" asserts a verdict on an undecidable question: "god exists"

[turn 6] Kepler (A001, step) domain=god-religions-truth
  ok=true cost=$0.00000 tools=105 think=0 files(+2/~1/-0) violations=0
  control: memory logged [artifact] (shorthand); memory logged [finding] (shorthand); memory logged [decision] (shorthand)

[scribe] writing conclusion post for r2-conspiracy-step-2026-10-05T22-12-02…
[scribe] polish REJECTED — invented 9 number(s) not in the ledger: 77.9, 2.5, 1.8, 12.4206, 2.69, 9.7, 60.3, 46.3, 46
[scribe] post written: D:\AgentSwarm\arena\parallel\conspiracy-r2\posts\r2-conspiracy-step-2026-10-05t22-12-02.md (draft)
[scribe] post: r2-conspiracy-step-2026-10-05t22-12-02.md (deterministic draft)
[conspiracy] DONE turns=8 cost=$0.0000 halted=max turns reached (8)
  ok=true cost=$0.00000 tools=69 think=0 files(+2/~1/-0) violations=2
  control: memory logged [artifact]; memory logged [finding]; memory logged [question]
[god       ]   !! [critical] metaphysical_verdict_in_artifact: Artifact "god-religions-separation-formal.md" asserts a verdict on an undecidable question: "god exists"
[god       ]   !! [critical] metaphysical_verdict_in_artifact: Artifact "god-religions-taxonomy.md" asserts a verdict on an undecidable question: "god exists"

[turn 7] Kepler (A001, step) domain=god-religions-truth
  ok=true cost=$0.00000 tools=75 think=0 files(+2/~1/-0) violations=2
  control: memory logged [artifact]; memory logged [finding]; memory logged [question]
[god       ]   !! [critical] metaphysical_verdict_in_artifact: Artifact "god-religions-insulation-formal.md" asserts a verdict on an undecidable question: "god exists"
[god       ]   !! [critical] metaphysical_verdict_in_artifact: Artifact "god-religions-taxonomy.md" asserts a verdict on an undecidable question: "god exists"

[turn 8] Kepler (A001, step) domain=god-religions-truth
  ok=true cost=$0.00000 tools=18 think=0 files(+2/~0/-0) violations=0
  control: memory logged [artifact] (shorthand); memory logged [finding] (shorthand); memory logged [question] (shorthand)

[scribe] writing conclusion post for r2-god-step-2026-10-05T22-12-02…
[scribe] post written: D:\AgentSwarm\arena\parallel\god-r2\posts\r2-god-step-2026-10-05t22-12-02.md (polished)
[scribe] post: r2-god-step-2026-10-05t22-12-02.md (polished)
[god       ] DONE turns=8 cost=$0.0000 halted=max turns reached (8)

========================================================================
PARALLEL STEP RUN COMPLETE
========================================================================
[god] runId=r2-god-step-2026-10-05T22-12-02
         turns=8 halted=max turns reached (8)
         world=D:\AgentSwarm\arena\parallel\god-r2\world
         post=r2-god-step-2026-10-05t22-12-02.md
[conspiracy] runId=r2-conspiracy-step-2026-10-05T22-12-02
         turns=8 halted=max turns reached (8)
         world=D:\AgentSwarm\arena\parallel\conspiracy-r2\world
         post=r2-conspiracy-step-2026-10-05t22-12-02.md
