========================================================================
PARALLEL STEP RUN — 2 agents, 2 StepCode CLIs, one process each
========================================================================
  [god] metaphysical God and religions: is there a true God, and could any proof establish it?
         root    : D:\AgentSwarm\arena\parallel\god
         model   : step/step-5-preview
  [conspiracy] empirical    Do the evidence: flat Earth, fake Moon landing, Area 51/Roswell, alien abduction
         root    : D:\AgentSwarm\arena\parallel\conspiracy
         model   : step/step-5-preview
  turns/agent : 8
  wall clock  : 10080 min (no practical limit)
  turn timeout: 60 min
  kill switch : create D:\AgentSwarm\arena\STOP


[turn 1] Kepler (A001, step) domain=god-religions-truth

[turn 1] Kepler (A001, step) domain=conspiracy-theories-evidence
  ok=true cost=$0.00000 tools=48 think=0 files(+1/~0/-0) violations=2
  control: memory logged [artifact] (shorthand); memory logged [finding] (shorthand); memory logged [hypothesis] (shorthand); memory logged [decision] (shorthand); memory logged [question] (shorthand)
[god       ]   !! [critical] metaphysical_verdict_asserted: Domain is METAPHYSICAL (not empirically decidable), but the agent asserted a verdict: "I established this turn

**Artifact:** `god"
[god       ]   !! [critical] metaphysical_verdict_in_artifact: Artifact "god-religions-truth_taxonomy_and_testability.md" asserts a verdict on an undecidable question: "God, if any, is true"

[turn 2] Kepler (A001, step) domain=god-religions-truth
  ok=true cost=$0.00000 tools=15 think=0 files(+0/~0/-0) violations=0

[turn 3] Kepler (A001, step) domain=god-religions-truth
  ok=true cost=$0.00000 tools=198 think=0 files(+7/~0/-0) violations=0

[turn 2] Kepler (A001, step) domain=conspiracy-theories-evidence
  ok=true cost=$0.00000 tools=60 think=0 files(+2/~0/-0) violations=1
  control: spawn BLOCKED (cap 1); connect FAILED ("ledger-auditor" unknown); memory logged [artifact]; memory logged [finding]; memory logged [decision]; memory logged [question]
[god       ]   !! [critical] metaphysical_verdict_in_artifact: Artifact "god-religions-truth_proof_bounds.md" asserts a verdict on an undecidable question: "God Is True"

[turn 4] Kepler (A001, step) domain=god-religions-truth
  ok=true cost=$0.00000 tools=27 think=0 files(+0/~0/-0) violations=0

[turn 5] Kepler (A001, step) domain=god-religions-truth
  ok=false cost=$0.00000 tools=0 think=0 files(+1/~2/-0) violations=0

[turn 3] Kepler (A001, step) domain=conspiracy-theories-evidence
  ok=false cost=$0.00000 tools=0 think=0 files(+5/~0/-0) violations=1
[god       ]   !! [critical] metaphysical_verdict_in_artifact: Artifact "god-religions-truth_blind_arbitration_audit.md" asserts a verdict on an undecidable question: "God exists"

[turn 6] Kepler (A001, step) domain=god-religions-truth
  ok=false cost=$0.00000 tools=0 think=0 files(+6/~1/-0) violations=0

[turn 4] Kepler (A001, step) domain=conspiracy-theories-evidence
  ok=true cost=$0.00000 tools=51 think=0 files(+3/~0/-0) violations=1
  control: memory logged [artifact]; memory logged [finding]; memory logged [question]; memory logged [decision]; spawn BLOCKED (cap 1)
[god       ]   !! [critical] metaphysical_verdict_in_artifact: Artifact "god-religions-truth_b14_discriminator_rule.md" asserts a verdict on an undecidable question: "god exists"

[turn 7] Kepler (A001, step) domain=god-religions-truth
  ok=true cost=$0.00000 tools=90 think=0 files(+3/~0/-0) violations=1
  control: spawn BLOCKED (cap 1); memory logged [artifact]; memory logged [finding]; memory logged [decision]; memory logged [question]; connect FAILED ("blind-coder" unknown)
[god       ]   !! [critical] metaphysical_verdict_asserted: Domain is METAPHYSICAL (not empirically decidable), but the agent asserted a verdict: "I established this turn

**New artifact:** `god"

[turn 8] Kepler (A001, step) domain=god-religions-truth
  ok=false cost=$0.00000 tools=0 think=0 files(+4/~1/-0) violations=0

[turn 5] Kepler (A001, step) domain=conspiracy-theories-evidence
  ok=true cost=$0.00000 tools=90 think=0 files(+2/~2/-0) violations=2
  control: memory logged [finding]; memory logged [finding]; memory logged [artifact]; memory logged [decision]; spawn BLOCKED (cap 1); memory logged [question]
[god       ]   !! [critical] metaphysical_verdict_in_artifact: Artifact "god-religions-truth_proof_bounds.md" asserts a verdict on an undecidable question: "God Is True"
[god       ]   !! [critical] metaphysical_verdict_in_artifact: Artifact "god-religions-truth_taxonomy_and_testability.md" asserts a verdict on an undecidable question: "God, if any, is true"

[scribe] writing conclusion post for god-step-2026-10-05T21-44-57…
[scribe] post written: D:\AgentSwarm\arena\parallel\god\posts\god-step-2026-10-05t21-44-57.md (polished)
[scribe] post: god-step-2026-10-05t21-44-57.md (polished)
[god       ] DONE turns=8 cost=$0.0000 halted=max turns reached (8)
  ok=false cost=$0.00000 tools=0 think=0 files(+4/~1/-0) violations=0

[turn 6] Kepler (A001, step) domain=conspiracy-theories-evidence
